// Jest Snapshot v1, https://goo.gl/fbAQLP

exports[`<MissionEnd /> auth snapshot test 1`] = `
Array [
  <div>
    <h1>
      ミッション終了画面
    </h1>
    <Link
      to="/tutorial/world/:id/missions"
    >
      ミッション一覧に戻る
    </Link>
  </div>,
]
`;
