// Jest Snapshot v1, https://goo.gl/fbAQLP

exports[`<CasualBattlePickCode /> snapshot test 1`] = `
Array [
  <div>
    <div>
      ロボットを選択する画面
    </div>
    <Link
      to="/free-coding"
    >
      ロボットを調整する(フリーコーディング)
    </Link>
    <Link
      to="/room-match/invitation/:roomId"
    >
      マッチ画面に戻る
    </Link>
  </div>,
]
`;
