// Jest Snapshot v1, https://goo.gl/fbAQLP

exports[`<DescriptionPanel /> snapshot test 1`] = `
.c22 {
  display: -webkit-box;
  display: -webkit-flex;
  display: -ms-flexbox;
  display: flex;
  -webkit-flex-direction: column;
  -ms-flex-direction: column;
  flex-direction: column;
  gap: 16px;
}

.c28 {
  font-family: "Noto Sans JP";
  font-style: normal;
  font-weight: 400;
  font-size: 18px;
  line-height: 160%;
  color: #363E59;
}

.c30 {
  border-collapse: collapse;
}

.c29 {
  display: inline-block;
  text-align: center;
  background-color: #EAEBF1;
  border-radius: 8px;
  padding: 8px;
  color: #242A3D;
}

.c29 thead {
  border-bottom: 1px solid #242A3D;
  margin: 2px 0px;
}

.c29 th {
  padding: 2px 16px;
}

.c29 td {
  padding: 2px 16px;
}

.c29 tr {
  padding: 2px 0px;
}

.c10 {
  display: inline-block;
  width: 32px;
  height: 32px;
  fill: #6675FC;
}

.c10 > span,
.c10 > div,
.c10 > svg {
  display: block;
  width: 100%;
  height: 100%;
}

.c19 {
  display: inline-block;
  width: 16px;
  height: 16px;
  fill: #363E59;
}

.c19 > span,
.c19 > div,
.c19 > svg {
  display: block;
  width: 100%;
  height: 100%;
}

.c31 {
  box-sizing: border-box;
  overflow: hidden;
  display: -webkit-box;
  display: -webkit-flex;
  display: -ms-flexbox;
  display: flex;
  -webkit-flex-direction: column;
  -ms-flex-direction: column;
  flex-direction: column;
  -webkit-align-items: flex-start;
  -webkit-box-align: flex-start;
  -ms-flex-align: flex-start;
  align-items: flex-start;
  padding: 40px 24px 16px;
  gap: 16px;
  isolation: isolate;
  width: 100%;
  background: #FAFAFA;
  border: 2px solid #6675FC;
  border-radius: 8px;
  -webkit-flex: none;
  -ms-flex: none;
  flex: none;
  -webkit-order: 0;
  -ms-flex-order: 0;
  order: 0;
  -webkit-align-self: stretch;
  -ms-flex-item-align: stretch;
  align-self: stretch;
  -webkit-box-flex: 0;
  -webkit-flex-grow: 0;
  -ms-flex-positive: 0;
  flex-grow: 0;
  position: relative;
}

.c32 {
  position: absolute;
  top: 0;
  left: 0;
}

.c33 {
  position: relative;
  left: 20px;
  top: 1px;
  font-family: "Noto Sans JP";
  font-style: normal;
  font-weight: 700;
  font-size: 15px;
  line-height: 22px;
  font-feature-settings: "palt" on;
  color: #FFFFFF;
  -webkit-transform: matrix(0.99,0,-0.1,1,0,0);
  -ms-transform: matrix(0.99,0,-0.1,1,0,0);
  transform: matrix(0.99,0,-0.1,1,0,0);
  -webkit-flex: none;
  -ms-flex: none;
  flex: none;
  -webkit-order: 3;
  -ms-flex-order: 3;
  order: 3;
  -webkit-box-flex: 0;
  -webkit-flex-grow: 0;
  -ms-flex-positive: 0;
  flex-grow: 0;
  z-index: 3;
}

.c34 {
  font-family: "Noto Sans JP";
  font-style: normal;
  font-weight: 400;
  font-size: 18px;
  line-height: 160%;
  display: -webkit-box;
  display: -webkit-flex;
  display: -ms-flexbox;
  display: flex;
  gap: 16px;
  -webkit-align-items: center;
  -webkit-box-align: center;
  -ms-flex-align: center;
  align-items: center;
  color: #242A3D;
}

.c23 {
  display: -webkit-box;
  display: -webkit-flex;
  display: -ms-flexbox;
  display: flex;
  gap: 8px;
  -webkit-align-items: center;
  -webkit-box-align: center;
  -ms-flex-align: center;
  align-items: center;
  margin: 16px 0 16px 10px;
}

.c25 {
  position: absolute;
  z-index: 1;
  top: 50%;
  left: 50%;
  -webkit-transform: translate(-50%,-50%);
  -ms-transform: translate(-50%,-50%);
  transform: translate(-50%,-50%);
}

.c24 {
  position: relative;
  font-family: "Noto Sans JP";
  font-style: normal;
  font-weight: 700;
  font-size: 22px;
  line-height: 32px;
  font-feature-settings: "palt" on;
  color: #FFFFFF;
  margin-right: 14px;
}

.c27 {
  font-weight: 700;
  font-size: 22px;
  line-height: 32px;
  color: #242A3D;
  -webkit-transform: matrix(1,0,-0.08,1,0,0);
  -ms-transform: matrix(1,0,-0.08,1,0,0);
  transform: matrix(1,0,-0.08,1,0,0);
}

.c26 {
  padding: 0px 0px 2px 2px;
  width: 38px;
  height: 38px;
  background: #242A3D;
  border-radius: 6px;
  -webkit-transform: rotate(-45deg);
  -ms-transform: rotate(-45deg);
  transform: rotate(-45deg);
  -webkit-flex: none;
  -ms-flex: none;
  flex: none;
}

.c3 {
  font-family: "851Gkktt";
  font-size: 30px;
  color: #FFFFFF;
  overflow: hidden;
  width: 50px;
  height: 59px;
  position: relative;
}

.c3 > span {
  position: absolute;
  left: 50%;
  top: 12px;
  -webkit-transform: translateX(-50%);
  -ms-transform: translateX(-50%);
  transform: translateX(-50%);
}

.c4 {
  position: absolute;
  left: 0;
  top: 0;
  width: 100%;
  height: 100%;
  fill: #242A3D;
}

.c2 {
  display: -webkit-box;
  display: -webkit-flex;
  display: -ms-flexbox;
  display: flex;
  gap: 16px;
  padding-left: 69px;
  width: 100%;
}

.c5 {
  display: -webkit-box;
  display: -webkit-flex;
  display: -ms-flexbox;
  display: flex;
  -webkit-flex-direction: column;
  -ms-flex-direction: column;
  flex-direction: column;
  gap: 8px;
  width: 100%;
}

.c6 {
  font-family: "Noto Sans JP";
  font-style: normal;
  font-weight: 700;
  font-size: 30px;
  line-height: 43px;
  font-feature-settings: "palt" on;
  color: #242A3D;
  -webkit-transform: matrix(1,0,-0.08,1,0,0);
  -ms-transform: matrix(1,0,-0.08,1,0,0);
  transform: matrix(1,0,-0.08,1,0,0);
}

.c7 {
  position: relative;
  height: 8px;
  margin-right: 32px;
}

.c8 {
  border-radius: 4px;
  width: 100%;
  height: 100%;
  background-color: #D7DAE4;
}

.c9 {
  width: 33.33333333333333%;
  height: 8px;
  border-radius: 4px;
  background-color: #6675FC;
  -webkit-transition: 0.5s;
  transition: 0.5s;
}

.c11 {
  position: absolute;
  top: 0;
  right: 0;
  -webkit-transform: translate(100%,-100%);
  -ms-transform: translate(100%,-100%);
  transform: translate(100%,-100%);
}

.c12 {
  position: absolute;
  top: 0;
  right: 8px;
  -webkit-transform: translate(0,-100%);
  -ms-transform: translate(0,-100%);
  transform: translate(0,-100%);
  font-family: "Noto Sans JP";
  font-style: normal;
  font-weight: 700;
  font-size: 18px;
  line-height: 26px;
  font-feature-settings: "palt" on;
  color: #242A3D;
}

.c18 {
  display: -webkit-inline-box;
  display: -webkit-inline-flex;
  display: -ms-inline-flexbox;
  display: inline-flex;
  -webkit-flex-direction: row;
  -ms-flex-direction: row;
  flex-direction: row;
  -webkit-box-pack: center;
  -webkit-justify-content: center;
  -ms-flex-pack: center;
  justify-content: center;
  -webkit-align-items: center;
  -webkit-box-align: center;
  -ms-flex-align: center;
  align-items: center;
  gap: 8px;
  height: 40px;
  background: #F5F6F8;
  border: 1px solid #D7DAE4;
  border-radius: 40px;
  color: #363E59;
  font-size: 16px;
  line-height: 160%;
  padding: 4px 16px 4px 12px;
}

.c18 > * {
  opacity: 0.2;
}

.c20 {
  display: -webkit-inline-box;
  display: -webkit-inline-flex;
  display: -ms-inline-flexbox;
  display: inline-flex;
  -webkit-flex-direction: row;
  -ms-flex-direction: row;
  flex-direction: row;
  -webkit-box-pack: center;
  -webkit-justify-content: center;
  -ms-flex-pack: center;
  justify-content: center;
  -webkit-align-items: center;
  -webkit-box-align: center;
  -ms-flex-align: center;
  align-items: center;
  gap: 8px;
  height: 40px;
  background: #F5F6F8;
  border: 1px solid #D7DAE4;
  border-radius: 40px;
  color: #363E59;
  font-size: 16px;
  line-height: 160%;
  padding: 4px 12px 4px 16px;
}

.c20:hover {
  border-color: #6675FC;
}

.c13 {
  display: -webkit-box;
  display: -webkit-flex;
  display: -ms-flexbox;
  display: flex;
  gap: 24px;
  -webkit-box-pack: justify;
  -webkit-justify-content: space-between;
  -ms-flex-pack: justify;
  justify-content: space-between;
  width: 100%;
}

.c17 {
  display: -webkit-box;
  display: -webkit-flex;
  display: -ms-flexbox;
  display: flex;
  gap: 8px;
}

.c15 {
  font-family: "851Gkktt";
  font-style: normal;
  font-weight: 400;
  font-size: 40px;
  line-height: 100%;
  color: #6675FC;
}

.c14 {
  display: -webkit-box;
  display: -webkit-flex;
  display: -ms-flexbox;
  display: flex;
  gap: 24px;
  -webkit-flex-direction: row;
  -ms-flex-direction: row;
  flex-direction: row;
  -webkit-align-items: center;
  -webkit-box-align: center;
  -ms-flex-align: center;
  align-items: center;
}

.c16 {
  font-family: "Noto Sans JP";
  font-style: normal;
  font-weight: 700;
  font-size: 18px;
  line-height: 26px;
  font-feature-settings: "palt" on;
  color: #4A5373;
  -webkit-transform: matrix(1,0,-0.08,1,0,0);
  -ms-transform: matrix(1,0,-0.08,1,0,0);
  transform: matrix(1,0,-0.08,1,0,0);
}

.c0 {
  display: -webkit-box;
  display: -webkit-flex;
  display: -ms-flexbox;
  display: flex;
  -webkit-flex-direction: column;
  -ms-flex-direction: column;
  flex-direction: column;
  gap: 32px;
  -webkit-align-items: flex-start;
  -webkit-box-align: flex-start;
  -ms-flex-align: flex-start;
  align-items: flex-start;
  padding-bottom: 56px;
  position: relative;
  width: 100%;
  height: 100vh;
  border-radius: 0px 48px 48px 0px;
  background-image: linear-gradient( 0deg, transparent calc(100% - 1px), #d7dae4 calc(100% - 1px) ), linear-gradient( 90deg, transparent calc(100% - 1px), #d7dae4 calc(100% - 1px) );
  background-size: 64px 64px;
  background-repeat: repeat;
  background-position: 0 0;
  background-color: #f5f6f8;
  padding: 24px 32px;
}

.c1 {
  width: 100%;
  display: -webkit-box;
  display: -webkit-flex;
  display: -ms-flexbox;
  display: flex;
  -webkit-flex-direction: column;
  -ms-flex-direction: column;
  flex-direction: column;
  gap: 24px;
  z-index: 1;
}

.c21 {
  width: 100%;
  height: 100%;
  overflow-y: auto;
  z-index: 1;
}

.c35 {
  position: absolute;
  width: 100%;
  height: 100%;
  padding: 41px 38px;
  top: 0;
  left: 0;
  z-index: 0;
}

.c36 {
  width: 100%;
  height: 100%;
  background: #f5f6f8;
  -webkit-filter: blur(74px);
  filter: blur(74px);
  border-radius: 63px;
}

@supports not (gap:16px) {
  .c22 > *:not(:first-child) {
    margin-top: 16px;
  }
}

@supports not (gap:16px) {
  .c34 > *:not(:first-child) {
    margin-top: 16px;
  }
}

@supports not (gap:16px) {
  .c2 > *:not(:first-child) {
    margin-left: 16px;
  }
}

@supports not (gap:8px) {
  .c5 > *:not(:first-child) {
    margin-top: 8px;
  }
}

@supports not (gap:8px) {
  .c18 > *:not(:first-child) {
    margin-left: 8px;
  }
}

@supports not (gap:8px) {
  .c20 > *:not(:first-child) {
    margin-left: 8px;
  }
}

@supports not (gap:24px) {
  .c13 > *:not(:first-child) {
    margin-left: 24px;
  }
}

@supports not (gap:8px) {
  .c17 > *:not(:first-child) {
    margin-left: 8px;
  }
}

@supports not (gap:24px) {
  .c14 > *:not(:first-child) {
    margin-left: 24px;
  }
}

@supports not (gap:32px) {
  .c0 > *:not(:first-child) {
    margin-top: 32px;
  }
}

@supports not (gap:24px) {
  .c1 > *:not(:first-child) {
    margin-top: 24px;
  }
}

<div
  class="c0"
>
  <div
    class="c1"
  >
    <div
      class="c2"
    >
      <div
        class="c3"
      >
        <svg
          class="c4"
          xlink="http://www.w3.org/1999/xlink"
          xmlns="http://www.w3.org/2000/svg"
        />
        <span>
          1
        </span>
      </div>
      <div
        class="c5"
      >
        <div
          class="c6"
        >
          まっすぐ歩くロボット
        </div>
        <div
          class="c7"
        >
          <div
            class="c8"
          >
            <div
              class="c9"
            />
          </div>
          <span
            class="c10 c11"
            display="inline-block"
            fill="#6675FC"
          />
          <div
            class="c12"
          >
            1/3
          </div>
        </div>
      </div>
    </div>
    <div
      class="c13"
    >
      <div
        class="c14"
      >
        <div
          class="c15"
        >
          Step 1
        </div>
        <div
          class="c16"
        >
          チュートリアル
        </div>
      </div>
      <div
        class="c17"
      >
        <button
          class="c18"
          disabled=""
        >
          <span
            class="c19"
            display="inline-block"
            fill="#363E59"
          />
          <span>
            前へ
          </span>
        </button>
        <button
          class="c20"
        >
          <span>
            次へ
          </span>
          <span
            class="c19"
            display="inline-block"
            fill="#363E59"
          />
        </button>
      </div>
    </div>
  </div>
  <div
    class="c21"
  >
    <div
      class="c22"
    >
      <div>
        <div
          class="c23"
        >
          <div
            class="c24"
          >
            <div
              class="c25"
            >
              1
            </div>
            <div
              class="c26"
            />
          </div>
          <h1
            class="c27"
          >
            ステージ１
          </h1>
        </div>
        <p
          class="c28"
        >
          次の画像のように動こう
          <br />
          <br />
          <img
            alt=""
            src="https://images.microcms-assets.io/assets/4712ba13111f4c01bab9c344ae473307/40378f930361435f8596628bd0264402/blog-template-description3.png"
          />
        </p>
      </div>
      <div>
        <div
          class="c29"
        >
          <table
            class="c30"
          />
          <table>
            <thead>
              <tr>
                <th>
                  1
                </th>
                <th>
                  2
                </th>
              </tr>
              <tr>
                <td>
                  a
                </td>
                <td>
                  b
                </td>
              </tr>
            </thead>
          </table>
        </div>
      </div>
      <div
        class="c31"
      >
        <div
          class="c32"
        >
          <img
            src="ClearConditionTitleBar.svg"
            style="position:absolute;user-select:none;display:block"
          />
          <div
            class="c33"
          >
            クリア条件
          </div>
        </div>
        <div
          class="c34"
        >
          <div>
            まるまるをこれこれしよう
          </div>
        </div>
        <img
          src="ClearConditionRB.svg"
          style="position:absolute;right:0;bottom:0;z-index:1;user-select:none;display:block"
        />
      </div>
      <div>
        ヒントボックスは未実装
      </div>
    </div>
  </div>
  <div
    class="c35"
  >
    <div
      class="c36"
    />
  </div>
</div>
`;
