// Jest Snapshot v1, https://goo.gl/fbAQLP

exports[`<CodeCording /> auth snapshot test 1`] = `
Array [
  <div>
    <div>
      コーディング画面
    </div>
    <div>
      <button>
        登録する
      </button>
    </div>
  </div>,
]
`;
