// Jest Snapshot v1, https://goo.gl/fbAQLP

exports[`<Algo /> snapshot test 1`] = `
.c0 .algo_color_main {
  fill: #34C5D5;
}

<div
  class="c0"
  color="turquoise"
/>
`;
