// Jest Snapshot v1, https://goo.gl/fbAQLP

exports[`<MissionNumber /> snapshot test 1`] = `
.c0 {
  font-family: "851Gkktt";
  font-size: 30px;
  color: #F5F6F8;
  overflow: hidden;
  width: 50px;
  height: 59px;
  position: relative;
}

.c0 > span {
  position: absolute;
  left: 50%;
  top: 12px;
  -webkit-transform: translateX(-50%);
  -ms-transform: translateX(-50%);
  transform: translateX(-50%);
}

.c1 {
  position: absolute;
  left: 0;
  top: 0;
  width: 100%;
  height: 100%;
  fill: #2A2C33;
}

<div
  class="c0"
>
  <svg
    class="c1"
    xlink="http://www.w3.org/1999/xlink"
    xmlns="http://www.w3.org/2000/svg"
  />
  <span>
    1
  </span>
</div>
`;
