// Jest Snapshot v1, https://goo.gl/fbAQLP

exports[`<ModeSelectCard /> snapshot test 1`] = `
.c3 {
  display: inline-block;
  width: 64px;
  height: 64px;
}

.c3 > span,
.c3 > div,
.c3 > svg {
  display: block;
  width: 100%;
  height: 100%;
}

.c1 {
  display: -webkit-box;
  display: -webkit-flex;
  display: -ms-flexbox;
  display: flex;
  -webkit-flex-direction: column;
  -ms-flex-direction: column;
  flex-direction: column;
  overflow: hidden;
  width: 616px;
  height: 744px;
  position: relative;
  background: #F5F6F8;
  border-radius: 64px;
  font-weight: 700;
  color: #2F364D;
  fill: #2F364D;
}

.c1 .modeselectcard_container_image {
  height: 412px;
  -webkit-align-self: stretch;
  -ms-flex-item-align: stretch;
  align-self: stretch;
  position: relative;
}

.c1 .modeselectcard_container_image > img {
  height: 100%;
  width: 100%;
  object-fit: cover;
}

.c1 .modeselectcard_container_main {
  display: -webkit-box;
  display: -webkit-flex;
  display: -ms-flexbox;
  display: flex;
  -webkit-flex-direction: column;
  -ms-flex-direction: column;
  flex-direction: column;
  -webkit-align-items: center;
  -webkit-box-align: center;
  -ms-flex-align: center;
  align-items: center;
  gap: 32px;
  padding: 0 16px;
  -webkit-align-self: stretch;
  -ms-flex-item-align: stretch;
  align-self: stretch;
}

.c1 .modeselectcard_modename {
  font-size: 30px;
  -webkit-transform: matrix(1,0,-0.08,1,0,0);
  -ms-transform: matrix(1,0,-0.08,1,0,0);
  transform: matrix(1,0,-0.08,1,0,0);
}

.c1 .modeselectcard_description {
  font-size: 24px;
  -webkit-transform: matrix(1,0,-0.08,1,0,0);
  -ms-transform: matrix(1,0,-0.08,1,0,0);
  transform: matrix(1,0,-0.08,1,0,0);
  text-align: start;
}

.c1 .modeselectcard_border {
  position: absolute;
  width: 100%;
  height: 100%;
  border-radius: 64px;
  box-sizing: border-box;
  border: 2px solid #EAEBF1;
}

.c1:hover {
  background: #5E67F5;
  color: #FFF;
  fill: #FFF;
}

.c1:hover .modeselectcard_border {
  border: 8px solid #5E67F5;
}

.c2 {
  width: 184px;
  height: 53px;
  position: absolute;
  left: 50%;
  bottom: 0;
  -webkit-transform: translateX(-50%);
  -ms-transform: translateX(-50%);
  transform: translateX(-50%);
  fill: #F5F6F8;
}

.c0:hover .c2.c2 {
  fill: #5E67F5;
}

@supports not (gap:32px) {
  .c1 .modeselectcard_container_main > *:not(:first-child) {
    margin-top: 32px;
  }
}

<button
  class="c0 c1"
>
  <div
    class="modeselectcard_container_image"
  >
    <img
      alt="訓練モード"
      src="/img/modeselectcard_solo.png"
    />
    <svg
      class="c2"
      xlink="http://www.w3.org/1999/xlink"
      xmlns="http://www.w3.org/2000/svg"
    />
  </div>
  <div
    class="modeselectcard_container_main"
  >
    <span
      class="c3"
      display="inline-block"
    />
    <span
      class="modeselectcard_modename"
    >
      訓練モード
    </span>
    <span
      class="modeselectcard_description"
    >
      まずはこのモードでロボットを
      <br />
      動かす練習をしましょう。
    </span>
  </div>
  <div
    class="modeselectcard_border"
  />
</button>
`;
