// Jest Snapshot v1, https://goo.gl/fbAQLP

exports[`<IconButton /> snapshot test 1`] = `
.c0 {
  display: -webkit-box;
  display: -webkit-flex;
  display: -ms-flexbox;
  display: flex;
  padding: 12px;
  border-radius: 48px;
  background: #FFF;
}

.c1 {
  display: inline-block;
  width: 24px;
  height: 24px;
  fill: #6074FF;
}

.c1 > span,
.c1 > div,
.c1 > svg {
  display: block;
  width: 100%;
  height: 100%;
}

<button
  class="c0"
>
  <span
    class="c1"
    display="inline-block"
    fill="#6074FF"
  />
</button>
`;
