// Jest Snapshot v1, https://goo.gl/fbAQLP

exports[`<IconCircle /> snapshot test 1`] = `
.c0 {
  display: -webkit-box;
  display: -webkit-flex;
  display: -ms-flexbox;
  display: flex;
  -webkit-box-pack: center;
  -webkit-justify-content: center;
  -ms-flex-pack: center;
  justify-content: center;
  -webkit-align-items: center;
  -webkit-box-align: center;
  -ms-flex-align: center;
  align-items: center;
  background: #5FC322;
  width: 64px;
  height: 64px;
  border-radius: 78.75px;
}

.c1 {
  display: inline-block;
  width: 32px;
  height: 32px;
  fill: #FFF;
}

.c1 > span,
.c1 > div,
.c1 > svg {
  display: block;
  width: 100%;
  height: 100%;
}

<div
  class="c0"
>
  <span
    class="c1"
    display="inline-block"
    fill="#FFF"
  />
</div>
`;
